08:31:22.164 [main] INFO org.springframework.test.context.support.AnnotationConfigContextLoaderUtils -- Could not detect default configuration classes for test class [com.huit.pdt.DemoApplicationTests]: DemoApplicationTests does not declare any static, non-private, non-final, nested classes annotated with @Configuration.
08:31:22.357 [main] INFO org.springframework.boot.test.context.SpringBootTestContextBootstrapper -- Found @SpringBootConfiguration com.huit.pdt.DemoApplication for test class com.huit.pdt.DemoApplicationTests
08:31:22.672 [main] INFO org.springframework.boot.devtools.restart.RestartApplicationListener -- Restart disabled due to context in which it is running

  .   ____          _            __ _ _
 /\\ / ___'_ __ _ _(_)_ __  __ _ \ \ \ \
( ( )\___ | '_ | '_| | '_ \/ _` | \ \ \ \
 \\/  ___)| |_)| | | | | || (_| |  ) ) ) )
  '  |____| .__|_| |_|_| |_\__, | / / / /
 =========|_|==============|___/=/_/_/_/

 :: Spring Boot ::                (v4.0.1)

2026-05-05T01:31:23.115Z  INFO 3204 --- [pdt-huit] [           main] com.huit.pdt.DemoApplicationTests        : Starting DemoApplicationTests using Java 21.0.11 with PID 3204 (started by Per in C:\Users\Per\Downloads\pdt-huit\backend)
2026-05-05T01:31:23.116Z DEBUG 3204 --- [pdt-huit] [           main] com.huit.pdt.DemoApplicationTests        : Running with Spring Boot v4.0.1, Spring v7.0.2
2026-05-05T01:31:23.119Z  INFO 3204 --- [pdt-huit] [           main] com.huit.pdt.DemoApplicationTests        : No active profile set, falling back to 1 default profile: "default"
2026-05-05T01:31:25.788Z  INFO 3204 --- [pdt-huit] [           main] .s.d.r.c.RepositoryConfigurationDelegate : Multiple Spring Data modules found, entering strict repository configuration mode
2026-05-05T01:31:25.792Z  INFO 3204 --- [pdt-huit] [           main] .s.d.r.c.RepositoryConfigurationDelegate : Bootstrapping Spring Data JPA repositories in DEFAULT mode.
2026-05-05T01:31:26.177Z  INFO 3204 --- [pdt-huit] [           main] .s.d.r.c.RepositoryConfigurationDelegate : Finished Spring Data repository scanning in 358 ms. Found 12 JPA repository interfaces.
2026-05-05T01:31:26.276Z  INFO 3204 --- [pdt-huit] [           main] .s.d.r.c.RepositoryConfigurationDelegate : Multiple Spring Data modules found, entering strict repository configuration mode
2026-05-05T01:31:26.281Z  INFO 3204 --- [pdt-huit] [           main] .s.d.r.c.RepositoryConfigurationDelegate : Bootstrapping Spring Data Redis repositories in DEFAULT mode.
2026-05-05T01:31:26.323Z  INFO 3204 --- [pdt-huit] [           main] .RepositoryConfigurationExtensionSupport : Spring Data Redis - Could not safely identify store assignment for repository candidate interface com.huit.pdt.infrastructure.persistence.AcademicServiceRepository; If you want this repository to be a Redis repository, consider annotating your entities with one of these annotations: org.springframework.data.redis.core.RedisHash (preferred), or consider extending one of the following types with your repository: org.springframework.data.keyvalue.repository.KeyValueRepository
2026-05-05T01:31:26.325Z  INFO 3204 --- [pdt-huit] [           main] .RepositoryConfigurationExtensionSupport : Spring Data Redis - Could not safely identify store assignment for repository candidate interface com.huit.pdt.infrastructure.persistence.AppointmentRepository; If you want this repository to be a Redis repository, consider annotating your entities with one of these annotations: org.springframework.data.redis.core.RedisHash (preferred), or consider extending one of the following types with your repository: org.springframework.data.keyvalue.repository.KeyValueRepository
2026-05-05T01:31:26.326Z  INFO 3204 --- [pdt-huit] [           main] .RepositoryConfigurationExtensionSupport : Spring Data Redis - Could not safely identify store assignment for repository candidate interface com.huit.pdt.infrastructure.persistence.FeedbackRepository; If you want this repository to be a Redis repository, consider annotating your entities with one of these annotations: org.springframework.data.redis.core.RedisHash (preferred), or consider extending one of the following types with your repository: org.springframework.data.keyvalue.repository.KeyValueRepository
2026-05-05T01:31:26.328Z  INFO 3204 --- [pdt-huit] [           main] .RepositoryConfigurationExtensionSupport : Spring Data Redis - Could not safely identify store assignment for repository candidate interface com.huit.pdt.infrastructure.persistence.RegistrarRepository; If you want this repository to be a Redis repository, consider annotating your entities with one of these annotations: org.springframework.data.redis.core.RedisHash (preferred), or consider extending one of the following types with your repository: org.springframework.data.keyvalue.repository.KeyValueRepository
2026-05-05T01:31:26.329Z  INFO 3204 --- [pdt-huit] [           main] .RepositoryConfigurationExtensionSupport : Spring Data Redis - Could not safely identify store assignment for repository candidate interface com.huit.pdt.infrastructure.persistence.ReplyRepository; If you want this repository to be a Redis repository, consider annotating your entities with one of these annotations: org.springframework.data.redis.core.RedisHash (preferred), or consider extending one of the following types with your repository: org.springframework.data.keyvalue.repository.KeyValueRepository
2026-05-05T01:31:26.330Z  INFO 3204 --- [pdt-huit] [           main] .RepositoryConfigurationExtensionSupport : Spring Data Redis - Could not safely identify store assignment for repository candidate interface com.huit.pdt.infrastructure.persistence.ReportRepository; If you want this repository to be a Redis repository, consider annotating your entities with one of these annotations: org.springframework.data.redis.core.RedisHash (preferred), or consider extending one of the following types with your repository: org.springframework.data.keyvalue.repository.KeyValueRepository
2026-05-05T01:31:26.331Z  INFO 3204 --- [pdt-huit] [           main] .RepositoryConfigurationExtensionSupport : Spring Data Redis - Could not safely identify store assignment for repository candidate interface com.huit.pdt.infrastructure.persistence.RequestHistoryRepository; If you want this repository to be a Redis repository, consider annotating your entities with one of these annotations: org.springframework.data.redis.core.RedisHash (preferred), or consider extending one of the following types with your repository: org.springframework.data.keyvalue.repository.KeyValueRepository
2026-05-05T01:31:26.331Z  INFO 3204 --- [pdt-huit] [           main] .RepositoryConfigurationExtensionSupport : Spring Data Redis - Could not safely identify store assignment for repository candidate interface com.huit.pdt.infrastructure.persistence.RequestRepository; If you want this repository to be a Redis repository, consider annotating your entities with one of these annotations: org.springframework.data.redis.core.RedisHash (preferred), or consider extending one of the following types with your repository: org.springframework.data.keyvalue.repository.KeyValueRepository
2026-05-05T01:31:26.332Z  INFO 3204 --- [pdt-huit] [           main] .RepositoryConfigurationExtensionSupport : Spring Data Redis - Could not safely identify store assignment for repository candidate interface com.huit.pdt.infrastructure.persistence.RoleRepository; If you want this repository to be a Redis repository, consider annotating your entities with one of these annotations: org.springframework.data.redis.core.RedisHash (preferred), or consider extending one of the following types with your repository: org.springframework.data.keyvalue.repository.KeyValueRepository
2026-05-05T01:31:26.334Z  INFO 3204 --- [pdt-huit] [           main] .RepositoryConfigurationExtensionSupport : Spring Data Redis - Could not safely identify store assignment for repository candidate interface com.huit.pdt.infrastructure.persistence.ServiceCategoryRepository; If you want this repository to be a Redis repository, consider annotating your entities with one of these annotations: org.springframework.data.redis.core.RedisHash (preferred), or consider extending one of the following types with your repository: org.springframework.data.keyvalue.repository.KeyValueRepository
2026-05-05T01:31:26.334Z  INFO 3204 --- [pdt-huit] [           main] .RepositoryConfigurationExtensionSupport : Spring Data Redis - Could not safely identify store assignment for repository candidate interface com.huit.pdt.infrastructure.persistence.ServiceDeskRepository; If you want this repository to be a Redis repository, consider annotating your entities with one of these annotations: org.springframework.data.redis.core.RedisHash (preferred), or consider extending one of the following types with your repository: org.springframework.data.keyvalue.repository.KeyValueRepository
2026-05-05T01:31:26.336Z  INFO 3204 --- [pdt-huit] [           main] .RepositoryConfigurationExtensionSupport : Spring Data Redis - Could not safely identify store assignment for repository candidate interface com.huit.pdt.infrastructure.persistence.StudentRepository; If you want this repository to be a Redis repository, consider annotating your entities with one of these annotations: org.springframework.data.redis.core.RedisHash (preferred), or consider extending one of the following types with your repository: org.springframework.data.keyvalue.repository.KeyValueRepository
2026-05-05T01:31:26.336Z  INFO 3204 --- [pdt-huit] [           main] .s.d.r.c.RepositoryConfigurationDelegate : Finished Spring Data repository scanning in 33 ms. Found 0 Redis repository interfaces.
2026-05-05T01:31:27.889Z  INFO 3204 --- [pdt-huit] [           main] com.zaxxer.hikari.HikariDataSource       : HikariPool-1 - Starting...
2026-05-05T01:31:28.231Z  INFO 3204 --- [pdt-huit] [           main] com.zaxxer.hikari.pool.HikariPool        : HikariPool-1 - Added connection org.postgresql.jdbc.PgConnection@7bd694a5
2026-05-05T01:31:28.233Z  INFO 3204 --- [pdt-huit] [           main] com.zaxxer.hikari.HikariDataSource       : HikariPool-1 - Start completed.
2026-05-05T01:31:28.284Z  INFO 3204 --- [pdt-huit] [           main] org.flywaydb.core.FlywayExecutor         : Database: jdbc:postgresql://localhost:5432/mydb?sslmode=disable&TimeZone=UTC (PostgreSQL 16.11)
2026-05-05T01:31:28.417Z  INFO 3204 --- [pdt-huit] [           main] o.f.core.internal.command.DbValidate     : Successfully validated 12 migrations (execution time 00:00.079s)
2026-05-05T01:31:28.457Z  INFO 3204 --- [pdt-huit] [           main] o.f.core.internal.command.DbMigrate      : Current version of schema "public": 12
2026-05-05T01:31:28.464Z  INFO 3204 --- [pdt-huit] [           main] o.f.core.internal.command.DbMigrate      : Schema "public" is up to date. No migration necessary.
2026-05-05T01:31:28.649Z  INFO 3204 --- [pdt-huit] [           main] org.hibernate.orm.jpa                    : HHH008540: Processing PersistenceUnitInfo [name: default]
2026-05-05T01:31:28.793Z  INFO 3204 --- [pdt-huit] [           main] org.hibernate.orm.core                   : HHH000001: Hibernate ORM core version 7.2.0.Final
2026-05-05T01:31:29.618Z  INFO 3204 --- [pdt-huit] [           main] o.s.o.j.p.SpringPersistenceUnitInfo      : No LoadTimeWeaver setup: ignoring JPA class transformer
2026-05-05T01:31:29.745Z  INFO 3204 --- [pdt-huit] [           main] org.hibernate.orm.connections.pooling    : HHH10001005: Database info:
	Database JDBC URL [jdbc:postgresql://localhost:5432/mydb?sslmode=disable&TimeZone=UTC]
	Database driver: PostgreSQL JDBC Driver
	Database dialect: PostgreSQLDialect
	Database version: 16.11
	Default catalog/schema: mydb/public
	Autocommit mode: undefined/unknown
	Isolation level: READ_COMMITTED [default READ_COMMITTED]
	JDBC fetch size: none
	Pool: DataSourceConnectionProvider
	Minimum pool size: undefined/unknown
	Maximum pool size: undefined/unknown
2026-05-05T01:31:31.425Z  INFO 3204 --- [pdt-huit] [           main] org.hibernate.orm.core                   : HHH000489: No JTA platform available (set 'hibernate.transaction.jta.platform' to enable JTA platform integration)
2026-05-05T01:31:31.432Z  INFO 3204 --- [pdt-huit] [           main] org.hibernate.orm.jdbc.batch             : HHH100501: Automatic JDBC statement batching enabled (maximum batch size 50)
2026-05-05T01:31:31.438Z  INFO 3204 --- [pdt-huit] [           main] j.LocalContainerEntityManagerFactoryBean : Initialized JPA EntityManagerFactory for persistence unit 'default'
2026-05-05T01:31:31.673Z  INFO 3204 --- [pdt-huit] [           main] o.s.d.j.r.query.QueryEnhancerFactories   : Hibernate is in classpath; If applicable, HQL parser will be used.
2026-05-05T01:31:33.154Z  INFO 3204 --- [pdt-huit] [           main] eAuthenticationProviderManagerConfigurer : Global AuthenticationManager configured with AuthenticationProvider bean with name authenticationProvider
2026-05-05T01:31:33.157Z  WARN 3204 --- [pdt-huit] [           main] r$InitializeUserDetailsManagerConfigurer : Global AuthenticationManager configured with an AuthenticationProvider bean. UserDetailsService beans will not be used by Spring Security for automatically configuring username/password login. Consider removing the AuthenticationProvider bean. Alternatively, consider using the UserDetailsService in a manually instantiated DaoAuthenticationProvider. If the current configuration is intentional, to turn off this warning, increase the logging level of 'org.springframework.security.config.annotation.authentication.configuration.InitializeUserDetailsBeanManagerConfigurer' to ERROR
2026-05-05T01:31:37.969Z  INFO 3204 --- [pdt-huit] [           main] o.s.b.a.e.web.EndpointLinksResolver      : Exposing 1 endpoint beneath base path '/internal/actuator'
2026-05-05T01:31:38.082Z  INFO 3204 --- [pdt-huit] [           main] o.s.m.s.b.SimpleBrokerMessageHandler     : Starting...
2026-05-05T01:31:38.084Z  INFO 3204 --- [pdt-huit] [           main] o.s.m.s.b.SimpleBrokerMessageHandler     : BrokerAvailabilityEvent[available=true, SimpleBrokerMessageHandler [org.springframework.messaging.simp.broker.DefaultSubscriptionRegistry@6a9cdf61]]
2026-05-05T01:31:38.087Z  INFO 3204 --- [pdt-huit] [           main] o.s.m.s.b.SimpleBrokerMessageHandler     : Started.
2026-05-05T01:31:38.103Z  INFO 3204 --- [pdt-huit] [           main] com.huit.pdt.DemoApplicationTests        : Started DemoApplicationTests in 15.457 seconds (process running for 17.405)
OpenJDK 64-Bit Server VM warning: Sharing is only supported for boot loader classes because bootstrap classpath has been appended
2026-05-05T01:31:38.870Z  INFO 3204 --- [pdt-huit] [           main] o.s.m.s.b.SimpleBrokerMessageHandler     : Stopping...
2026-05-05T01:31:38.870Z  INFO 3204 --- [pdt-huit] [           main] o.s.m.s.b.SimpleBrokerMessageHandler     : BrokerAvailabilityEvent[available=false, SimpleBrokerMessageHandler [org.springframework.messaging.simp.broker.DefaultSubscriptionRegistry@6a9cdf61]]
2026-05-05T01:31:38.871Z  INFO 3204 --- [pdt-huit] [           main] o.s.m.s.b.SimpleBrokerMessageHandler     : Stopped.
Race condition test skipped - requires database context
Race condition test skipped - requires database context
